../Core/Src/main.c:86:5:valor_RPM	16	static
../Core/Src/main.c:90:6:HAL_ADC_ConvCpltCallback	16	static
../Core/Src/main.c:96:6:SEND_MESSAGE	8	static
../Core/Src/main.c:134:6:RECEIVE_MESSAGE	8	static
../Core/Src/main.c:213:6:HAL_TIM_PeriodElapsedCallback	16	static
../Core/Src/main.c:232:6:HAL_CAN_RxFifo1MsgPendingCallback	16	static
../Core/Src/main.c:294:5:main	8	static
../Core/Src/main.c:370:6:SystemClock_Config	88	static
../Core/Src/main.c:416:13:MX_ADC1_Init	24	static
../Core/Src/main.c:468:13:MX_CAN1_Init	48	static
../Core/Src/main.c:519:13:MX_TIM2_Init	32	static
../Core/Src/main.c:562:13:MX_DMA_Init	16	static
../Core/Src/main.c:580:13:MX_GPIO_Init	48	static
../Core/Src/main.c:627:6:Error_Handler	4	static,ignoring_inline_asm
