../Core/Src/main.c:91:5:valor_RPM	16	static
../Core/Src/main.c:95:6:HAL_ADC_ConvCpltCallback	16	static
../Core/Src/main.c:101:6:SEND_MESSAGE	8	static
../Core/Src/main.c:139:6:RECEIVE_MESSAGE	8	static
../Core/Src/main.c:217:6:splitBytes	24	static
../Core/Src/main.c:222:6:HAL_TIM_PeriodElapsedCallback	16	static
../Core/Src/main.c:254:6:HAL_CAN_RxFifo1MsgPendingCallback	16	static
../Core/Src/main.c:326:5:main	8	static
../Core/Src/main.c:404:6:SystemClock_Config	88	static
../Core/Src/main.c:450:13:MX_ADC1_Init	24	static
../Core/Src/main.c:502:13:MX_CAN1_Init	48	static
../Core/Src/main.c:553:13:MX_TIM2_Init	32	static
../Core/Src/main.c:600:13:MX_TIM3_Init	32	static
../Core/Src/main.c:643:13:MX_DMA_Init	16	static
../Core/Src/main.c:661:13:MX_GPIO_Init	48	static
../Core/Src/main.c:698:6:Error_Handler	4	static,ignoring_inline_asm
