../Core/Src/main.c:80:6:SEND_MESSAGE	8	static
../Core/Src/main.c:117:5:debouncer	24	static
../Core/Src/main.c:145:6:MAPChange	8	static
../Core/Src/main.c:164:6:HAL_GPIO_EXTI_Callback	16	static
../Core/Src/main.c:179:6:RECEIVE_MESSAGE	8	static
../Core/Src/main.c:239:6:HAL_CAN_RxFifo0MsgPendingCallback	16	static
../Core/Src/main.c:252:6:HAL_TIM_PeriodElapsedCallback	16	static
../Core/Src/main.c:295:5:main	8	static
../Core/Src/main.c:374:6:SystemClock_Config	88	static
../Core/Src/main.c:420:13:MX_CAN1_Init	48	static
../Core/Src/main.c:471:13:MX_TIM2_Init	32	static
../Core/Src/main.c:517:13:MX_TIM3_Init	32	static
../Core/Src/main.c:564:13:MX_GPIO_Init	48	static
../Core/Src/main.c:624:6:Error_Handler	4	static,ignoring_inline_asm
