../Core/Src/main.c:82:6:SEND_MESSAGE	8	static
../Core/Src/main.c:119:5:debouncer	24	static
../Core/Src/main.c:147:6:MAPChange	8	static
../Core/Src/main.c:166:6:HAL_GPIO_EXTI_Callback	16	static
../Core/Src/main.c:181:6:RECEIVE_MESSAGE	8	static
../Core/Src/main.c:245:6:HAL_CAN_RxFifo0MsgPendingCallback	16	static
../Core/Src/main.c:258:6:HAL_TIM_PeriodElapsedCallback	16	static
../Core/Src/main.c:308:5:main	8	static
../Core/Src/main.c:387:6:SystemClock_Config	88	static
../Core/Src/main.c:433:13:MX_CAN1_Init	48	static
../Core/Src/main.c:484:13:MX_TIM2_Init	32	static
../Core/Src/main.c:530:13:MX_TIM3_Init	32	static
../Core/Src/main.c:577:13:MX_GPIO_Init	48	static
../Core/Src/main.c:631:6:Error_Handler	4	static,ignoring_inline_asm
